Microsoft Windows [Version 10.0.18362.720]
(c) 2019 Microsoft Corporation. Wszelkie prawa zastrzeżone.

C:\Users\ja\Desktop\java\gitprojects>git clone https://github.com/anetaradek/javaprojects.git
Cloning into 'javaprojects'...
remote: Enumerating objects: 3, done.
remote: Counting objects: 100% (3/3), done.
remote: Total 3 (delta 0), reused 0 (delta 0), pack-reused 0
Unpacking objects: 100% (3/3), 616 bytes | 2.00 KiB/s, done.

C:\Users\ja\Desktop\java\gitprojects>git add -A
fatal: not a git repository (or any of the parent directories): .git

C:\Users\ja\Desktop\java\gitprojects>cd javaprojects

C:\Users\ja\Desktop\java\gitprojects\javaprojects>git add -A

C:\Users\ja\Desktop\java\gitprojects\javaprojects>git status
On branch master
Your branch is up to date with 'origin/master'.

Changes to be committed:
  (use "git restore --staged <file>..." to unstage)
        new file:   ApplicationArgumentsAgain.java
        new file:   AverageValue.java
        new file:   FindMinElement.java
        new file:   PrimeNumbers.java
        new file:   PrimeNumbersVol2.java
        new file:   RandomNumbers.java
        new file:   SumOfNumbers.java
        new file:   WordSplit.java


C:\Users\ja\Desktop\java\gitprojects\javaprojects>git commit -m "homework ver.1"
[master 28af004] homework ver.1
 8 files changed, 118 insertions(+)
 create mode 100644 ApplicationArgumentsAgain.java
 create mode 100644 AverageValue.java
 create mode 100644 FindMinElement.java
 create mode 100644 PrimeNumbers.java
 create mode 100644 PrimeNumbersVol2.java
 create mode 100644 RandomNumbers.java
 create mode 100644 SumOfNumbers.java
 create mode 100644 WordSplit.java

C:\Users\ja\Desktop\java\gitprojects\javaprojects>git status
On branch master
Your branch is ahead of 'origin/master' by 1 commit.
  (use "git push" to publish your local commits)

nothing to commit, working tree clean

C:\Users\ja\Desktop\java\gitprojects\javaprojects>git push origin master
Enumerating objects: 11, done.
Counting objects: 100% (11/11), done.
Delta compression using up to 4 threads
Compressing objects: 100% (10/10), done.
Writing objects: 100% (10/10), 2.22 KiB | 454.00 KiB/s, done.
Total 10 (delta 1), reused 0 (delta 0)
remote: Resolving deltas: 100% (1/1), done.
To https://github.com/anetaradek/javaprojects.git
   ea2e1b7..28af004  master -> master

C:\Users\ja\Desktop\java\gitprojects\javaprojects>git status
On branch master
Your branch is up to date with 'origin/master'.

nothing to commit, working tree clean

C:\Users\ja\Desktop\java\gitprojects\javaprojects>git status
On branch master
Your branch is up to date with 'origin/master'.

nothing to commit, working tree clean

C:\Users\ja\Desktop\java\gitprojects\javaprojects>git status
On branch master
Your branch is up to date with 'origin/master'.

Changes not staged for commit:
  (use "git add <file>..." to update what will be committed)
  (use "git restore <file>..." to discard changes in working directory)
        modified:   ApplicationArgumentsAgain.java

Untracked files:
  (use "git add <file>..." to include in what will be committed)
        .idea/

no changes added to commit (use "git add" and/or "git commit -a")

C:\Users\ja\Desktop\java\gitprojects\javaprojects>git commit
On branch master
Your branch is up to date with 'origin/master'.

Changes not staged for commit:
  (use "git add <file>..." to update what will be committed)
  (use "git restore <file>..." to discard changes in working directory)
        modified:   ApplicationArgumentsAgain.java

Untracked files:
  (use "git add <file>..." to include in what will be committed)
        .idea/

no changes added to commit (use "git add" and/or "git commit -a")

C:\Users\ja\Desktop\java\gitprojects\javaprojects>git commit ApplicationArgumentsAgain.java -m "One line added"
[master 2d06604] One line added
 1 file changed, 1 insertion(+)

C:\Users\ja\Desktop\java\gitprojects\javaprojects>git push
Enumerating objects: 5, done.
Counting objects: 100% (5/5), done.
Delta compression using up to 4 threads
Compressing objects: 100% (3/3), done.
Writing objects: 100% (3/3), 295 bytes | 295.00 KiB/s, done.
Total 3 (delta 2), reused 0 (delta 0)
remote: Resolving deltas: 100% (2/2), completed with 2 local objects.
To https://github.com/anetaradek/javaprojects.git
   28af004..2d06604  master -> master

C:\Users\ja\Desktop\java\gitprojects\javaprojects>git checkout AverageValue.java
Updated 1 path from the index

C:\Users\ja\Desktop\java\gitprojects\javaprojects>git log
commit 2d066041a5ff17b1ccbfe0609761fcc242d2000f (HEAD -> master, origin/master, origin/HEAD)
Author: anetaradek <aneta.j.radek@gmail.com>
Date:   Thu Mar 26 22:37:17 2020 +0100

    One line added

commit 28af00438339f93d7a65955a5ea59c564b65be0f
Author: anetaradek <aneta.j.radek@gmail.com>
Date:   Thu Mar 26 22:17:24 2020 +0100

    homework ver.1

commit ea2e1b7aae70305c5db9a556aec5e09d04405106
Author: anetaradek <62503619+anetaradek@users.noreply.github.com>
Date:   Sun Mar 22 12:32:47 2020 +0100

    Initial commit

C:\Users\ja\Desktop\java\gitprojects\javaprojects>